// Jest Snapshot v1, https://goo.gl/fbAQLP

exports[`Ellipsis Component should render correctly 1`] = `
<DocumentFragment>
  <p
    class="react-ellipsis_container reveal className"
  >
    Testing text, testing text.
  </p>
</DocumentFragment>
`;

exports[`Ellipsis Component should render correctly when there is a resize 1`] = `
<DocumentFragment>
  <p
    class="react-ellipsis_container reveal className"
  >
    Testing text, testing text.
  </p>
</DocumentFragment>
`;
